[Sun Oct  4 20:24:53 PKT 2026] ===== RUN START =====
[Sun Oct  4 20:24:53 PKT 2026] START Montana  <-  gitignored/legal-ai-scraper/montana  (expect 184)
[Sun Oct  4 20:25:29 PKT 2026] DONE  Montana  rc=0  expected=184  got=184
[Sun Oct  4 20:25:29 PKT 2026] START Indiana  <-  scrapers/legalai-scraper-indiana/download  (expect 34987)
[Sun Oct  4 20:34:04 PKT 2026] ===== RUN START =====
[Sun Oct  4 20:34:04 PKT 2026] SKIP  Montana (already recorded)
[Sun Oct  4 20:34:04 PKT 2026] START Indiana  <-  scrapers/legalai-scraper-indiana/download  (expect 34987)
[Sun Oct  4 20:55:52 PKT 2026] DONE  Indiana  rc=0  expected=34987  got=34987
[Sun Oct  4 20:55:52 PKT 2026] START Arizona  <-  az/download  (expect 22836)
[Mon Oct  5 17:01:47 PKT 2026] ===== RUN START =====
[Mon Oct  5 17:01:47 PKT 2026] SKIP  Montana (already recorded)
[Mon Oct  5 17:01:47 PKT 2026] SKIP  Indiana (already recorded)
[Mon Oct  5 17:01:47 PKT 2026] START Arizona  <-  az/download  (expect 22836)
[Mon Oct  5 17:13:17 PKT 2026] DONE  Arizona  rc=0  expected=22836  got=22836
[Mon Oct  5 17:13:17 PKT 2026] START Alaska  <-  opinions_2000/alaska  (expect 322)
[Mon Oct  5 17:13:37 PKT 2026] DONE  Alaska  rc=0  expected=322  got=322
[Mon Oct  5 17:13:37 PKT 2026] SKIP  Alaska (already recorded)
[Mon Oct  5 17:13:37 PKT 2026] START California  <-  wa/california  (expect 1634)
[Mon Oct  5 17:14:55 PKT 2026] DONE  California  rc=0  expected=1634  got=1634
[Mon Oct  5 17:14:55 PKT 2026] SKIP  California (already recorded)
[Mon Oct  5 17:14:55 PKT 2026] SKIP  California (already recorded)
[Mon Oct  5 17:14:55 PKT 2026] START Colorado  <-  gitignored/legal-ai-scraper/colorado  (expect 202893)
